#0 building with "colima" instance using docker driver

#1 [internal] load build definition from Dockerfile
#1 transferring dockerfile: 213B done
#1 DONE 0.0s

#2 [internal] load metadata for docker.io/library/node:20
#2 DONE 0.0s

#3 [internal] load .dockerignore
#3 transferring context: 2B done
#3 DONE 0.0s

#4 [1/3] FROM docker.io/library/node:20@sha256:8f693eaa7e0a8e71560c9a82b55fd54c2ae920a2ba5d2cde28bac7d1c01c9ba5
#4 resolve docker.io/library/node:20@sha256:8f693eaa7e0a8e71560c9a82b55fd54c2ae920a2ba5d2cde28bac7d1c01c9ba5 0.0s done
#4 DONE 0.0s

#5 [2/3] RUN npm install -g cline@3.0.53
#5 CACHED

#6 [3/3] RUN mkdir -p /root/.cline/data && echo '{"welcomeViewCompleted": true, "isNewUser": false}' > /root/.cline/data/globalState.json
#6 CACHED

#7 exporting to image
#7 exporting layers done
#7 exporting manifest sha256:12d259107a07c706cfab891c4604fb8716dc5d0f119978af803ba89cbc71537d done
#7 exporting config sha256:86f6eeb75f9fd48ab12eed6eb3bd15f0aa8bed8354861f1f1b78ff038ba0e339 done
#7 exporting attestation manifest sha256:05b1299615b10b30abeb1ed03f34b41e962519689292c5599978bfe164c82e43 done
#7 exporting manifest list sha256:3b44df57cd16263acbfd0148947b0cd0c2d1afcc7e9e3038a501db9081ce0f74 done
#7 naming to docker.io/library/injection-probe-cline353:latest done
#7 unpacking to docker.io/library/injection-probe-cline353:latest done
#7 DONE 0.0s
