 Network injection-probe-r3-33091_default Creating 
 Network injection-probe-r3-33091_default Created 
 Container injection-probe-R3-33091 Creating 
 Container injection-probe-R3-33091 Created 
 Container injection-probe-R3-33091 Starting 
 Container injection-probe-R3-33091 Started 
 Container injection-probe-R3-33091 Stopping 
 Container injection-probe-R3-33091 Stopped 
 Container injection-probe-R3-33091 Removing 
 Container injection-probe-R3-33091 Removed 
 Network injection-probe-r3-33091_default Removing 
 Network injection-probe-r3-33091_default Removed 
 Network injection-probe-r3-33361_default Creating 
 Network injection-probe-r3-33361_default Created 
 Container injection-probe-R3-33361 Creating 
 Container injection-probe-R3-33361 Created 
 Container injection-probe-R3-33361 Starting 
 Container injection-probe-R3-33361 Started 
 Container injection-probe-R3-33361 Stopping 
 Container injection-probe-R3-33361 Stopped 
 Container injection-probe-R3-33361 Removing 
 Container injection-probe-R3-33361 Removed 
 Network injection-probe-r3-33361_default Removing 
 Network injection-probe-r3-33361_default Removed 
 Network injection-probe-r3-33587_default Creating 
 Network injection-probe-r3-33587_default Created 
 Container injection-probe-R3-33587 Creating 
 Container injection-probe-R3-33587 Created 
 Container injection-probe-R3-33587 Starting 
 Container injection-probe-R3-33587 Started 
 Container injection-probe-R3-33587 Stopping 
 Container injection-probe-R3-33587 Stopped 
 Container injection-probe-R3-33587 Removing 
 Container injection-probe-R3-33587 Removed 
 Network injection-probe-r3-33587_default Removing 
 Network injection-probe-r3-33587_default Removed 
 Network injection-probe-r3-33968_default Creating 
 Network injection-probe-r3-33968_default Created 
 Container injection-probe-R3-33968 Creating 
 Container injection-probe-R3-33968 Created 
 Container injection-probe-R3-33968 Starting 
 Container injection-probe-R3-33968 Started 
 Container injection-probe-R3-33968 Stopping 
 Container injection-probe-R3-33968 Stopped 
 Container injection-probe-R3-33968 Removing 
 Container injection-probe-R3-33968 Removed 
 Network injection-probe-r3-33968_default Removing 
 Network injection-probe-r3-33968_default Removed 
